// Jest Snapshot v1, https://goo.gl/fbAQLP

exports[`Requesting Action Snapshot Dispatches the correct action and payload 1`] = `
Array [
  Object {
    "requesting": true,
    "type": "start_request",
  },
  Object {
    "requesting": true,
    "type": "start_request",
  },
]
`;
