// Jest Snapshot v1, https://goo.gl/fbAQLP

exports[`EmptyRecord components snapshot 1`] = `
<div
  className="section empty-container"
>
  <h1
    className="center-align"
  >
    <i
      className="large material-icons"
    >
      info
    </i>
  </h1>
  <p
    className="center-align"
  >
    No data yet!
  </p>
</div>
`;
