// Jest Snapshot v1, https://goo.gl/fbAQLP

exports[`Loader components snapshot 1`] = `
<div
  className="progress"
>
  <div
    className="indeterminate"
  />
</div>
`;
